13:47:18 **** Incremental Build of configuration Debug for project Ej1_pushButton ****
make -j4 all 
arm-none-eabi-gcc "../Src/main.c" -mcpu=cortex-m4 -std=gnu11 -g3 -DDEBUG -DSTM32 -DSTM32F429ZITx -DSTM32F4 -DNUCLEO_F429ZI -DUSE_HAL_DRIVER -DSTM32F429xx -c -I../Inc -I"/home/pato/Embebidos/CESE/PdM_workspace/Ej1_pushButton/Drivers/STM32F4xx_HAL_Driver/Inc" -I"/home/pato/Embebidos/CESE/PdM_workspace/Ej1_pushButton/Drivers/CMSIS/Include" -I"/home/pato/Embebidos/CESE/PdM_workspace/Ej1_pushButton/Drivers/CMSIS/Device/ST/STM32F4xx/Include" -I"/home/pato/Embebidos/CESE/PdM_workspace/Ej1_pushButton/Drivers/BSP/STM32F4xx_Nucleo_144" -I"/home/pato/Embebidos/CESE/PdM_workspace/Ej1_pushButton/Drivers/Core/Inc" -O0 -ffunction-sections -fdata-sections -Wall -fstack-usage -MMD -MP -MF"Src/main.d" -MT"Src/main.o" --specs=nano.specs -mfpu=fpv4-sp-d16 -mfloat-abi=hard -mthumb -o "Src/main.o"
arm-none-eabi-gcc -o "Ej1_pushButton.elf" @"objects.list"   -mcpu=cortex-m4 -T"/home/pato/Embebidos/CESE/PdM_workspace/Ej1_pushButton/STM32F429ZITX_FLASH.ld" --specs=nosys.specs -Wl,-Map="Ej1_pushButton.map" -Wl,--gc-sections -static --specs=nano.specs -mfpu=fpv4-sp-d16 -mfloat-abi=hard -mthumb -Wl,--start-group -lc -lm -Wl,--end-group
Finished building target: Ej1_pushButton.elf
 
arm-none-eabi-size   Ej1_pushButton.elf 
arm-none-eabi-objdump -h -S  Ej1_pushButton.elf  > "Ej1_pushButton.list"
arm-none-eabi-objcopy  -O binary  Ej1_pushButton.elf  "Ej1_pushButton.bin"
   text	   data	    bss	    dec	    hex	filename
   6556	     36	   1572	   8164	   1fe4	Ej1_pushButton.elf
Finished building: default.size.stdout
 
Finished building: Ej1_pushButton.bin
 
Finished building: Ej1_pushButton.list
 

13:47:20 Build Finished. 0 errors, 0 warnings. (took 2s.187ms)

